<?xml version="1.0" encoding="ISO-8859-1" ?>
<link_info>
   <banner>TI ARM Linker Unix v18.12.2.LTS</banner>
   <copyright>Copyright (c) 1996-2018 Texas Instruments Incorporated</copyright>
   <link_time>0x67e8d9a9</link_time>
   <link_errors>0x0</link_errors>
   <output_file>dnn_llvm.out</output_file>
   <entry_point>
      <name>_c_int00</name>
      <address>0x431b8</address>
   </entry_point>
   <input_file_list>
      <input_file id="fl-2">
         <path>./nn/ActivationFunctions/</path>
         <kind>object</kind>
         <file>arm_relu_q7.obj</file>
         <name>arm_relu_q7.obj</name>
      </input_file>
      <input_file id="fl-3">
         <path>./nn/ConvolutionFunctions/</path>
         <kind>object</kind>
         <file>arm_convolve_HWC_q7_basic.obj</file>
         <name>arm_convolve_HWC_q7_basic.obj</name>
      </input_file>
      <input_file id="fl-4">
         <path>./nn/FullyConnectedFunctions/</path>
         <kind>object</kind>
         <file>arm_fully_connected_q7.obj</file>
         <name>arm_fully_connected_q7.obj</name>
      </input_file>
      <input_file id="fl-5">
         <path>./nn/PoolingFunctions/</path>
         <kind>object</kind>
         <file>arm_pool_q7_HWC.obj</file>
         <name>arm_pool_q7_HWC.obj</name>
      </input_file>
      <input_file id="fl-6">
         <path>./nn/SoftmaxFunctions/</path>
         <kind>object</kind>
         <file>arm_softmax_q7.obj</file>
         <name>arm_softmax_q7.obj</name>
      </input_file>
      <input_file id="fl-7">
         <path>./source/</path>
         <kind>object</kind>
         <file>Device_TMS570LS31.obj</file>
         <name>Device_TMS570LS31.obj</name>
      </input_file>
      <input_file id="fl-8">
         <path>./source/</path>
         <kind>object</kind>
         <file>Fapi_UserDefinedFunctions.obj</file>
         <name>Fapi_UserDefinedFunctions.obj</name>
      </input_file>
      <input_file id="fl-9">
         <path>./source/</path>
         <kind>object</kind>
         <file>adc.obj</file>
         <name>adc.obj</name>
      </input_file>
      <input_file id="fl-a">
         <path>./source/</path>
         <kind>object</kind>
         <file>can.obj</file>
         <name>can.obj</name>
      </input_file>
      <input_file id="fl-b">
         <path>./source/</path>
         <kind>object</kind>
         <file>dabort.obj</file>
         <name>dabort.obj</name>
      </input_file>
      <input_file id="fl-c">
         <path>./source/</path>
         <kind>object</kind>
         <file>emif.obj</file>
         <name>emif.obj</name>
      </input_file>
      <input_file id="fl-d">
         <path>./source/</path>
         <kind>object</kind>
         <file>errata_SSWF021_45.obj</file>
         <name>errata_SSWF021_45.obj</name>
      </input_file>
      <input_file id="fl-e">
         <path>./source/</path>
         <kind>object</kind>
         <file>esm.obj</file>
         <name>esm.obj</name>
      </input_file>
      <input_file id="fl-f">
         <path>./source/</path>
         <kind>object</kind>
         <file>gio.obj</file>
         <name>gio.obj</name>
      </input_file>
      <input_file id="fl-10">
         <path>./source/</path>
         <kind>object</kind>
         <file>het.obj</file>
         <name>het.obj</name>
      </input_file>
      <input_file id="fl-11">
         <path>./source/</path>
         <kind>object</kind>
         <file>i2c.obj</file>
         <name>i2c.obj</name>
      </input_file>
      <input_file id="fl-12">
         <path>./source/</path>
         <kind>object</kind>
         <file>notification.obj</file>
         <name>notification.obj</name>
      </input_file>
      <input_file id="fl-13">
         <path>./source/</path>
         <kind>object</kind>
         <file>pinmux.obj</file>
         <name>pinmux.obj</name>
      </input_file>
      <input_file id="fl-14">
         <path>./source/</path>
         <kind>object</kind>
         <file>rti.obj</file>
         <name>rti.obj</name>
      </input_file>
      <input_file id="fl-15">
         <path>./source/</path>
         <kind>object</kind>
         <file>sci.obj</file>
         <name>sci.obj</name>
      </input_file>
      <input_file id="fl-16">
         <path>./source/</path>
         <kind>object</kind>
         <file>spi.obj</file>
         <name>spi.obj</name>
      </input_file>
      <input_file id="fl-17">
         <path>./source/</path>
         <kind>object</kind>
         <file>sys_core.obj</file>
         <name>sys_core.obj</name>
      </input_file>
      <input_file id="fl-18">
         <path>./source/</path>
         <kind>object</kind>
         <file>sys_dma.obj</file>
         <name>sys_dma.obj</name>
      </input_file>
      <input_file id="fl-19">
         <path>./source/</path>
         <kind>object</kind>
         <file>sys_intvecs.obj</file>
         <name>sys_intvecs.obj</name>
      </input_file>
      <input_file id="fl-1a">
         <path>./source/</path>
         <kind>object</kind>
         <file>sys_main.obj</file>
         <name>sys_main.obj</name>
      </input_file>
      <input_file id="fl-1b">
         <path>./source/</path>
         <kind>object</kind>
         <file>sys_mpu.obj</file>
         <name>sys_mpu.obj</name>
      </input_file>
      <input_file id="fl-1c">
         <path>./source/</path>
         <kind>object</kind>
         <file>sys_pcr.obj</file>
         <name>sys_pcr.obj</name>
      </input_file>
      <input_file id="fl-1d">
         <path>./source/</path>
         <kind>object</kind>
         <file>sys_phantom.obj</file>
         <name>sys_phantom.obj</name>
      </input_file>
      <input_file id="fl-1e">
         <path>./source/</path>
         <kind>object</kind>
         <file>sys_pmm.obj</file>
         <name>sys_pmm.obj</name>
      </input_file>
      <input_file id="fl-1f">
         <path>./source/</path>
         <kind>object</kind>
         <file>sys_pmu.obj</file>
         <name>sys_pmu.obj</name>
      </input_file>
      <input_file id="fl-20">
         <path>./source/</path>
         <kind>object</kind>
         <file>sys_selftest.obj</file>
         <name>sys_selftest.obj</name>
      </input_file>
      <input_file id="fl-21">
         <path>./source/</path>
         <kind>object</kind>
         <file>sys_startup.obj</file>
         <name>sys_startup.obj</name>
      </input_file>
      <input_file id="fl-22">
         <path>./source/</path>
         <kind>object</kind>
         <file>sys_vim.obj</file>
         <name>sys_vim.obj</name>
      </input_file>
      <input_file id="fl-23">
         <path>./source/</path>
         <kind>object</kind>
         <file>system.obj</file>
         <name>system.obj</name>
      </input_file>
      <input_file id="fl-24">
         <path>./source/</path>
         <kind>object</kind>
         <file>ti_fee_Info.obj</file>
         <name>ti_fee_Info.obj</name>
      </input_file>
      <input_file id="fl-25">
         <path>./source/</path>
         <kind>object</kind>
         <file>ti_fee_cancel.obj</file>
         <name>ti_fee_cancel.obj</name>
      </input_file>
      <input_file id="fl-26">
         <path>./source/</path>
         <kind>object</kind>
         <file>ti_fee_cfg.obj</file>
         <name>ti_fee_cfg.obj</name>
      </input_file>
      <input_file id="fl-27">
         <path>./source/</path>
         <kind>object</kind>
         <file>ti_fee_eraseimmediateblock.obj</file>
         <name>ti_fee_eraseimmediateblock.obj</name>
      </input_file>
      <input_file id="fl-28">
         <path>./source/</path>
         <kind>object</kind>
         <file>ti_fee_format.obj</file>
         <name>ti_fee_format.obj</name>
      </input_file>
      <input_file id="fl-29">
         <path>./source/</path>
         <kind>object</kind>
         <file>ti_fee_ini.obj</file>
         <name>ti_fee_ini.obj</name>
      </input_file>
      <input_file id="fl-2a">
         <path>./source/</path>
         <kind>object</kind>
         <file>ti_fee_invalidateblock.obj</file>
         <name>ti_fee_invalidateblock.obj</name>
      </input_file>
      <input_file id="fl-2b">
         <path>./source/</path>
         <kind>object</kind>
         <file>ti_fee_main.obj</file>
         <name>ti_fee_main.obj</name>
      </input_file>
      <input_file id="fl-2c">
         <path>./source/</path>
         <kind>object</kind>
         <file>ti_fee_read.obj</file>
         <name>ti_fee_read.obj</name>
      </input_file>
      <input_file id="fl-2d">
         <path>./source/</path>
         <kind>object</kind>
         <file>ti_fee_readSync.obj</file>
         <name>ti_fee_readSync.obj</name>
      </input_file>
      <input_file id="fl-2e">
         <path>./source/</path>
         <kind>object</kind>
         <file>ti_fee_shutdown.obj</file>
         <name>ti_fee_shutdown.obj</name>
      </input_file>
      <input_file id="fl-2f">
         <path>./source/</path>
         <kind>object</kind>
         <file>ti_fee_util.obj</file>
         <name>ti_fee_util.obj</name>
      </input_file>
      <input_file id="fl-30">
         <path>./source/</path>
         <kind>object</kind>
         <file>ti_fee_writeAsync.obj</file>
         <name>ti_fee_writeAsync.obj</name>
      </input_file>
      <input_file id="fl-31">
         <path>./source/</path>
         <kind>object</kind>
         <file>ti_fee_writeSync.obj</file>
         <name>ti_fee_writeSync.obj</name>
      </input_file>
      <input_file id="fl-32">
         <path>./source/</path>
         <kind>object</kind>
         <file>user_uart.obj</file>
         <name>user_uart.obj</name>
      </input_file>
      <input_file id="fl-33">
         <path>./usrs/</path>
         <kind>object</kind>
         <file>ded.obj</file>
         <name>ded.obj</name>
      </input_file>
      <input_file id="fl-34">
         <path>./usrs/</path>
         <kind>object</kind>
         <file>fi.obj</file>
         <name>fi.obj</name>
      </input_file>
      <input_file id="fl-35">
         <path>./usrs/</path>
         <kind>object</kind>
         <file>knn.obj</file>
         <name>knn.obj</name>
      </input_file>
      <input_file id="fl-36">
         <path>./usrs/</path>
         <kind>object</kind>
         <file>mynn.obj</file>
         <name>mynn.obj</name>
      </input_file>
      <input_file id="fl-37">
         <path>./usrs/</path>
         <kind>object</kind>
         <file>nn.obj</file>
         <name>nn.obj</name>
      </input_file>
      <input_file id="fl-38">
         <path>./usrs/</path>
         <kind>object</kind>
         <file>user.obj</file>
         <name>user.obj</name>
      </input_file>
      <input_file id="fl-39">
         <path>./usrs/</path>
         <kind>object</kind>
         <file>user_Bsp.obj</file>
         <name>user_Bsp.obj</name>
      </input_file>
      <input_file id="fl-3f">
         <kind>object</kind>
         <file>&lt;internal&gt;</file>
         <name>&lt;internal&gt;</name>
      </input_file>
      <input_file id="fl-40">
         <path>/home/mark/ti/ccs910/ccs/tools/compiler/ti-cgt-arm_18.12.2.LTS/lib/</path>
         <kind>archive</kind>
         <file>rtsv7R4_T_be_v3D16_eabi.lib</file>
         <name>printf.c.obj</name>
      </input_file>
      <input_file id="fl-41">
         <path>/home/mark/ti/ccs910/ccs/tools/compiler/ti-cgt-arm_18.12.2.LTS/lib/</path>
         <kind>archive</kind>
         <file>rtsv7R4_T_be_v3D16_eabi.lib</file>
         <name>_printfi.c.obj</name>
      </input_file>
      <input_file id="fl-42">
         <path>/home/mark/ti/ccs910/ccs/tools/compiler/ti-cgt-arm_18.12.2.LTS/lib/</path>
         <kind>archive</kind>
         <file>rtsv7R4_T_be_v3D16_eabi.lib</file>
         <name>e_pow.c.obj</name>
      </input_file>
      <input_file id="fl-43">
         <path>/home/mark/ti/ccs910/ccs/tools/compiler/ti-cgt-arm_18.12.2.LTS/lib/</path>
         <kind>archive</kind>
         <file>rtsv7R4_T_be_v3D16_eabi.lib</file>
         <name>e_sqrt.c.obj</name>
      </input_file>
      <input_file id="fl-44">
         <path>/home/mark/ti/ccs910/ccs/tools/compiler/ti-cgt-arm_18.12.2.LTS/lib/</path>
         <kind>archive</kind>
         <file>rtsv7R4_T_be_v3D16_eabi.lib</file>
         <name>s_floor.c.obj</name>
      </input_file>
      <input_file id="fl-45">
         <path>/home/mark/ti/ccs910/ccs/tools/compiler/ti-cgt-arm_18.12.2.LTS/lib/</path>
         <kind>archive</kind>
         <file>rtsv7R4_T_be_v3D16_eabi.lib</file>
         <name>s_frexp.c.obj</name>
      </input_file>
      <input_file id="fl-46">
         <path>/home/mark/ti/ccs910/ccs/tools/compiler/ti-cgt-arm_18.12.2.LTS/lib/</path>
         <kind>archive</kind>
         <file>rtsv7R4_T_be_v3D16_eabi.lib</file>
         <name>s_scalbn.c.obj</name>
      </input_file>
      <input_file id="fl-47">
         <path>/home/mark/ti/ccs910/ccs/tools/compiler/ti-cgt-arm_18.12.2.LTS/lib/</path>
         <kind>archive</kind>
         <file>rtsv7R4_T_be_v3D16_eabi.lib</file>
         <name>ull_div32.asm.obj</name>
      </input_file>
      <input_file id="fl-48">
         <path>/home/mark/ti/ccs910/ccs/tools/compiler/ti-cgt-arm_18.12.2.LTS/lib/</path>
         <kind>archive</kind>
         <file>rtsv7R4_T_be_v3D16_eabi.lib</file>
         <name>memset_t2.asm.obj</name>
      </input_file>
      <input_file id="fl-49">
         <path>/home/mark/ti/ccs910/ccs/tools/compiler/ti-cgt-arm_18.12.2.LTS/lib/</path>
         <kind>archive</kind>
         <file>rtsv7R4_T_be_v3D16_eabi.lib</file>
         <name>memcpy_t2.asm.obj</name>
      </input_file>
      <input_file id="fl-4a">
         <path>/home/mark/ti/ccs910/ccs/tools/compiler/ti-cgt-arm_18.12.2.LTS/lib/</path>
         <kind>archive</kind>
         <file>rtsv7R4_T_be_v3D16_eabi.lib</file>
         <name>i_div32.asm.obj</name>
      </input_file>
      <input_file id="fl-4b">
         <path>/home/mark/ti/ccs910/ccs/tools/compiler/ti-cgt-arm_18.12.2.LTS/lib/</path>
         <kind>archive</kind>
         <file>rtsv7R4_T_be_v3D16_eabi.lib</file>
         <name>u_div32.asm.obj</name>
      </input_file>
      <input_file id="fl-4c">
         <path>/home/mark/ti/ccs910/ccs/tools/compiler/ti-cgt-arm_18.12.2.LTS/lib/</path>
         <kind>archive</kind>
         <file>rtsv7R4_T_be_v3D16_eabi.lib</file>
         <name>autoinit.c.obj</name>
      </input_file>
      <input_file id="fl-4d">
         <path>/home/mark/ti/ccs910/ccs/tools/compiler/ti-cgt-arm_18.12.2.LTS/lib/</path>
         <kind>archive</kind>
         <file>rtsv7R4_T_be_v3D16_eabi.lib</file>
         <name>cpy_tbl.c.obj</name>
      </input_file>
      <input_file id="fl-4e">
         <path>/home/mark/ti/ccs910/ccs/tools/compiler/ti-cgt-arm_18.12.2.LTS/lib/</path>
         <kind>archive</kind>
         <file>rtsv7R4_T_be_v3D16_eabi.lib</file>
         <name>copy_zero_init.c.obj</name>
      </input_file>
      <input_file id="fl-4f">
         <path>/home/mark/ti/ccs910/ccs/tools/compiler/ti-cgt-arm_18.12.2.LTS/lib/</path>
         <kind>archive</kind>
         <file>rtsv7R4_T_be_v3D16_eabi.lib</file>
         <name>copy_decompress_none.c.obj</name>
      </input_file>
      <input_file id="fl-50">
         <path>/home/mark/ti/ccs910/ccs/tools/compiler/ti-cgt-arm_18.12.2.LTS/lib/</path>
         <kind>archive</kind>
         <file>rtsv7R4_T_be_v3D16_eabi.lib</file>
         <name>copy_decompress_lzss.c.obj</name>
      </input_file>
      <input_file id="fl-51">
         <path>/home/mark/ti/ccs910/ccs/tools/compiler/ti-cgt-arm_18.12.2.LTS/lib/</path>
         <kind>archive</kind>
         <file>rtsv7R4_T_be_v3D16_eabi.lib</file>
         <name>exit.c.obj</name>
      </input_file>
      <input_file id="fl-52">
         <path>/home/mark/ti/ccs910/ccs/tools/compiler/ti-cgt-arm_18.12.2.LTS/lib/</path>
         <kind>archive</kind>
         <file>rtsv7R4_T_be_v3D16_eabi.lib</file>
         <name>_lock.c.obj</name>
      </input_file>
      <input_file id="fl-53">
         <path>/home/mark/ti/ccs910/ccs/tools/compiler/ti-cgt-arm_18.12.2.LTS/lib/</path>
         <kind>archive</kind>
         <file>rtsv7R4_T_be_v3D16_eabi.lib</file>
         <name>atoi.c.obj</name>
      </input_file>
      <input_file id="fl-54">
         <path>/home/mark/ti/ccs910/ccs/tools/compiler/ti-cgt-arm_18.12.2.LTS/lib/</path>
         <kind>archive</kind>
         <file>rtsv7R4_T_be_v3D16_eabi.lib</file>
         <name>ctype.c.obj</name>
      </input_file>
      <input_file id="fl-55">
         <path>/home/mark/ti/ccs910/ccs/tools/compiler/ti-cgt-arm_18.12.2.LTS/lib/</path>
         <kind>archive</kind>
         <file>rtsv7R4_T_be_v3D16_eabi.lib</file>
         <name>defs.c.obj</name>
      </input_file>
      <input_file id="fl-56">
         <path>/home/mark/ti/ccs910/ccs/tools/compiler/ti-cgt-arm_18.12.2.LTS/lib/</path>
         <kind>archive</kind>
         <file>rtsv7R4_T_be_v3D16_eabi.lib</file>
         <name>ltoa.c.obj</name>
      </input_file>
      <input_file id="fl-57">
         <path>/home/mark/ti/ccs910/ccs/tools/compiler/ti-cgt-arm_18.12.2.LTS/lib/</path>
         <kind>archive</kind>
         <file>rtsv7R4_T_be_v3D16_eabi.lib</file>
         <name>memccpy.c.obj</name>
      </input_file>
      <input_file id="fl-58">
         <path>/home/mark/ti/ccs910/ccs/tools/compiler/ti-cgt-arm_18.12.2.LTS/lib/</path>
         <kind>archive</kind>
         <file>rtsv7R4_T_be_v3D16_eabi.lib</file>
         <name>rand.c.obj</name>
      </input_file>
      <input_file id="fl-59">
         <path>/home/mark/ti/ccs910/ccs/tools/compiler/ti-cgt-arm_18.12.2.LTS/lib/</path>
         <kind>archive</kind>
         <file>rtsv7R4_T_be_v3D16_eabi.lib</file>
         <name>strchr.c.obj</name>
      </input_file>
      <input_file id="fl-5a">
         <path>/home/mark/ti/ccs910/ccs/tools/compiler/ti-cgt-arm_18.12.2.LTS/lib/</path>
         <kind>archive</kind>
         <file>rtsv7R4_T_be_v3D16_eabi.lib</file>
         <name>strlen.c.obj</name>
      </input_file>
      <input_file id="fl-5b">
         <path>/home/mark/ti/ccs910/ccs/tools/compiler/ti-cgt-arm_18.12.2.LTS/lib/</path>
         <kind>archive</kind>
         <file>rtsv7R4_T_be_v3D16_eabi.lib</file>
         <name>errno.c.obj</name>
      </input_file>
      <input_file id="fl-5c">
         <path>/home/mark/ti/ccs910/ccs/tools/compiler/ti-cgt-arm_18.12.2.LTS/lib/</path>
         <kind>archive</kind>
         <file>rtsv7R4_T_be_v3D16_eabi.lib</file>
         <name>wcslen.c.obj</name>
      </input_file>
      <input_file id="fl-5d">
         <path>/home/mark/ti/ccs910/ccs/tools/compiler/ti-cgt-arm_18.12.2.LTS/lib/</path>
         <kind>archive</kind>
         <file>rtsv7R4_T_be_v3D16_eabi.lib</file>
         <name>s_copysign.c.obj</name>
      </input_file>
      <input_file id="fl-5e">
         <path>/home/mark/ti/ccs910/ccs/tools/compiler/ti-cgt-arm_18.12.2.LTS/lib/</path>
         <kind>archive</kind>
         <file>rtsv7R4_T_be_v3D16_eabi.lib</file>
         <name>div0.asm.obj</name>
      </input_file>
      <input_file id="fl-5f">
         <path>/home/mark/ti/F021 Flash API/02.01.01/</path>
         <kind>archive</kind>
         <file>F021_API_CortexR4_BE_V3D16.lib</file>
         <name>Async.obj</name>
      </input_file>
      <input_file id="fl-60">
         <path>/home/mark/ti/F021 Flash API/02.01.01/</path>
         <kind>archive</kind>
         <file>F021_API_CortexR4_BE_V3D16.lib</file>
         <name>Async.WithAddress.obj</name>
      </input_file>
      <input_file id="fl-61">
         <path>/home/mark/ti/F021 Flash API/02.01.01/</path>
         <kind>archive</kind>
         <file>F021_API_CortexR4_BE_V3D16.lib</file>
         <name>BlankCheck.obj</name>
      </input_file>
      <input_file id="fl-62">
         <path>/home/mark/ti/F021 Flash API/02.01.01/</path>
         <kind>archive</kind>
         <file>F021_API_CortexR4_BE_V3D16.lib</file>
         <name>FlashStateMachine.EnableEepromSectors.obj</name>
      </input_file>
      <input_file id="fl-63">
         <path>/home/mark/ti/F021 Flash API/02.01.01/</path>
         <kind>archive</kind>
         <file>F021_API_CortexR4_BE_V3D16.lib</file>
         <name>FlashStateMachine.InitializeFlashBanks.obj</name>
      </input_file>
      <input_file id="fl-64">
         <path>/home/mark/ti/F021 Flash API/02.01.01/</path>
         <kind>archive</kind>
         <file>F021_API_CortexR4_BE_V3D16.lib</file>
         <name>FlashStateMachine.IssueFsmCommand.obj</name>
      </input_file>
      <input_file id="fl-65">
         <path>/home/mark/ti/F021 Flash API/02.01.01/</path>
         <kind>archive</kind>
         <file>F021_API_CortexR4_BE_V3D16.lib</file>
         <name>FlashStateMachine.ScaleFclk.obj</name>
      </input_file>
      <input_file id="fl-66">
         <path>/home/mark/ti/F021 Flash API/02.01.01/</path>
         <kind>archive</kind>
         <file>F021_API_CortexR4_BE_V3D16.lib</file>
         <name>FlashStateMachine.SetActiveBank.obj</name>
      </input_file>
      <input_file id="fl-67">
         <path>/home/mark/ti/F021 Flash API/02.01.01/</path>
         <kind>archive</kind>
         <file>F021_API_CortexR4_BE_V3D16.lib</file>
         <name>Read.FlushPipeline.obj</name>
      </input_file>
      <input_file id="fl-68">
         <path>/home/mark/ti/F021 Flash API/02.01.01/</path>
         <kind>archive</kind>
         <file>F021_API_CortexR4_BE_V3D16.lib</file>
         <name>Read.LoopDword.obj</name>
      </input_file>
      <input_file id="fl-69">
         <path>/home/mark/ti/F021 Flash API/02.01.01/</path>
         <kind>archive</kind>
         <file>F021_API_CortexR4_BE_V3D16.lib</file>
         <name>Read.WdService.obj</name>
      </input_file>
      <input_file id="fl-6a">
         <path>/home/mark/ti/F021 Flash API/02.01.01/</path>
         <kind>archive</kind>
         <file>F021_API_CortexR4_BE_V3D16.lib</file>
         <name>Utilities.CalculateFletcher.obj</name>
      </input_file>
      <input_file id="fl-6b">
         <path>/home/mark/ti/F021 Flash API/02.01.01/</path>
         <kind>archive</kind>
         <file>F021_API_CortexR4_BE_V3D16.lib</file>
         <name>Utilities.WaitDelay.obj</name>
      </input_file>
      <input_file id="fl-6c">
         <path>/home/mark/ti/F021 Flash API/02.01.01/</path>
         <kind>archive</kind>
         <file>F021_API_CortexR4_BE_V3D16.lib</file>
         <name>Utilities.GetNumberOfSectors.obj</name>
      </input_file>
      <input_file id="fl-6d">
         <path>/home/mark/ti/F021 Flash API/02.01.01/</path>
         <kind>archive</kind>
         <file>F021_API_CortexR4_BE_V3D16.lib</file>
         <name>Read.Common.obj</name>
      </input_file>
      <input_file id="fl-6e">
         <path>/home/mark/ti/F021 Flash API/02.01.01/</path>
         <kind>archive</kind>
         <file>F021_API_CortexR4_BE_V3D16.lib</file>
         <name>FlashStateMachine.Hercules.IsEccAddress.obj</name>
      </input_file>
   </input_file_list>
   <object_component_list>
      <object_component id="oc-40">
         <name>.intvecs</name>
         <load_address>0x0</load_address>
         <run_address>0x0</run_address>
         <size>0x20</size>
         <input_file_ref idref="fl-19"/>
      </object_component>
      <object_component id="oc-91">
         <name>.text</name>
         <load_address>0x353c0</load_address>
         <run_address>0x353c0</run_address>
         <size>0x2628</size>
         <input_file_ref idref="fl-20"/>
      </object_component>
      <object_component id="oc-27a">
         <name>.text</name>
         <load_address>0x379e8</load_address>
         <run_address>0x379e8</run_address>
         <size>0x1cac</size>
         <input_file_ref idref="fl-37"/>
      </object_component>
      <object_component id="oc-384">
         <name>.text</name>
         <load_address>0x39694</load_address>
         <run_address>0x39694</run_address>
         <size>0x19cc</size>
         <input_file_ref idref="fl-36"/>
      </object_component>
      <object_component id="oc-8b">
         <name>.text</name>
         <load_address>0x3b060</load_address>
         <run_address>0x3b060</run_address>
         <size>0xb20</size>
         <input_file_ref idref="fl-23"/>
      </object_component>
      <object_component id="oc-18b">
         <name>.text:__TI_printfi</name>
         <load_address>0x3bb80</load_address>
         <run_address>0x3bb80</run_address>
         <size>0xa4a</size>
         <input_file_ref idref="fl-41"/>
      </object_component>
      <object_component id="oc-2fc">
         <name>.text:_nop</name>
         <load_address>0x3c5ca</load_address>
         <run_address>0x3c5ca</run_address>
         <size>0x2</size>
         <input_file_ref idref="fl-52"/>
      </object_component>
      <object_component id="oc-154">
         <name>.text</name>
         <load_address>0x3c5cc</load_address>
         <run_address>0x3c5cc</run_address>
         <size>0xa2c</size>
         <input_file_ref idref="fl-15"/>
      </object_component>
      <object_component id="oc-16b">
         <name>.text</name>
         <load_address>0x3cff8</load_address>
         <run_address>0x3cff8</run_address>
         <size>0x8f0</size>
         <input_file_ref idref="fl-10"/>
      </object_component>
      <object_component id="oc-4c">
         <name>.text</name>
         <load_address>0x3d8e8</load_address>
         <run_address>0x3d8e8</run_address>
         <size>0x89c</size>
         <input_file_ref idref="fl-22"/>
      </object_component>
      <object_component id="oc-47f">
         <name>.text:pow</name>
         <load_address>0x3e184</load_address>
         <run_address>0x3e184</run_address>
         <size>0x68c</size>
         <input_file_ref idref="fl-42"/>
      </object_component>
      <object_component id="oc-7f">
         <name>.text</name>
         <load_address>0x3e810</load_address>
         <run_address>0x3e810</run_address>
         <size>0x664</size>
         <input_file_ref idref="fl-d"/>
      </object_component>
      <object_component id="oc-108">
         <name>.text</name>
         <load_address>0x3ee74</load_address>
         <run_address>0x3ee74</run_address>
         <size>0x664</size>
         <input_file_ref idref="fl-13"/>
      </object_component>
      <object_component id="oc-14e">
         <name>.text</name>
         <load_address>0x3f4d8</load_address>
         <run_address>0x3f4d8</run_address>
         <size>0x63c</size>
         <input_file_ref idref="fl-14"/>
      </object_component>
      <object_component id="oc-3a">
         <name>.text:retain</name>
         <load_address>0x3fb14</load_address>
         <run_address>0x3fb14</run_address>
         <size>0x5d4</size>
         <input_file_ref idref="fl-15"/>
      </object_component>
      <object_component id="oc-97">
         <name>.text</name>
         <load_address>0x400e8</load_address>
         <run_address>0x400e8</run_address>
         <size>0x5bc</size>
         <input_file_ref idref="fl-e"/>
      </object_component>
      <object_component id="oc-15a">
         <name>.text</name>
         <load_address>0x406a4</load_address>
         <run_address>0x406a4</run_address>
         <size>0x484</size>
         <input_file_ref idref="fl-f"/>
      </object_component>
      <object_component id="oc-171">
         <name>.text</name>
         <load_address>0x40b28</load_address>
         <run_address>0x40b28</run_address>
         <size>0x474</size>
         <input_file_ref idref="fl-38"/>
      </object_component>
      <object_component id="oc-46a">
         <name>.text</name>
         <load_address>0x40f9c</load_address>
         <run_address>0x40f9c</run_address>
         <size>0x3d8</size>
         <input_file_ref idref="fl-5"/>
      </object_component>
      <object_component id="oc-c3">
         <name>.text</name>
         <load_address>0x41374</load_address>
         <run_address>0x41374</run_address>
         <size>0x3bc</size>
         <input_file_ref idref="fl-32"/>
      </object_component>
      <object_component id="oc-7a">
         <name>.text</name>
         <load_address>0x41730</load_address>
         <run_address>0x41730</run_address>
         <size>0x34c</size>
         <input_file_ref idref="fl-17"/>
      </object_component>
      <object_component id="oc-45e">
         <name>.text</name>
         <load_address>0x41a7c</load_address>
         <run_address>0x41a7c</run_address>
         <size>0x2ec</size>
         <input_file_ref idref="fl-3"/>
      </object_component>
      <object_component id="oc-160">
         <name>.text</name>
         <load_address>0x41d68</load_address>
         <run_address>0x41d68</run_address>
         <size>0x2d8</size>
         <input_file_ref idref="fl-1b"/>
      </object_component>
      <object_component id="oc-476">
         <name>.text</name>
         <load_address>0x42040</load_address>
         <run_address>0x42040</run_address>
         <size>0x2d4</size>
         <input_file_ref idref="fl-6"/>
      </object_component>
      <object_component id="oc-3d0">
         <name>.text</name>
         <load_address>0x42314</load_address>
         <run_address>0x42314</run_address>
         <size>0x2b8</size>
         <input_file_ref idref="fl-47"/>
      </object_component>
      <object_component id="oc-4b">
         <name>.text:retain</name>
         <load_address>0x425cc</load_address>
         <run_address>0x425cc</run_address>
         <size>0x290</size>
         <input_file_ref idref="fl-22"/>
      </object_component>
      <object_component id="oc-165">
         <name>.text</name>
         <load_address>0x4285c</load_address>
         <run_address>0x4285c</run_address>
         <size>0x278</size>
         <input_file_ref idref="fl-c"/>
      </object_component>
      <object_component id="oc-2d8">
         <name>.text:_pconv_a</name>
         <load_address>0x42ad4</load_address>
         <run_address>0x42ad4</run_address>
         <size>0x248</size>
         <input_file_ref idref="fl-41"/>
      </object_component>
      <object_component id="oc-2c6">
         <name>.text:_pconv_g</name>
         <load_address>0x42d1c</load_address>
         <run_address>0x42d1c</run_address>
         <size>0x1a0</size>
         <input_file_ref idref="fl-41"/>
      </object_component>
      <object_component id="oc-470">
         <name>.text</name>
         <load_address>0x42ebc</load_address>
         <run_address>0x42ebc</run_address>
         <size>0x190</size>
         <input_file_ref idref="fl-4"/>
      </object_component>
      <object_component id="oc-a6">
         <name>.text</name>
         <load_address>0x4304c</load_address>
         <run_address>0x4304c</run_address>
         <size>0x16c</size>
         <input_file_ref idref="fl-12"/>
      </object_component>
      <object_component id="oc-1f">
         <name>.text:retain</name>
         <load_address>0x431b8</load_address>
         <run_address>0x431b8</run_address>
         <size>0x138</size>
         <input_file_ref idref="fl-21"/>
      </object_component>
      <object_component id="oc-25">
         <name>.text:retain</name>
         <load_address>0x432f0</load_address>
         <run_address>0x432f0</run_address>
         <size>0x134</size>
         <input_file_ref idref="fl-e"/>
      </object_component>
      <object_component id="oc-2d2">
         <name>.text:_pconv_e</name>
         <load_address>0x43424</load_address>
         <run_address>0x43424</run_address>
         <size>0x104</size>
         <input_file_ref idref="fl-41"/>
      </object_component>
      <object_component id="oc-3e9">
         <name>.text:fcvt</name>
         <load_address>0x43528</load_address>
         <run_address>0x43528</run_address>
         <size>0xfc</size>
         <input_file_ref idref="fl-41"/>
      </object_component>
      <object_component id="oc-3fd">
         <name>.text:scalbn</name>
         <load_address>0x43624</load_address>
         <run_address>0x43624</run_address>
         <size>0xf0</size>
         <input_file_ref idref="fl-46"/>
      </object_component>
      <object_component id="oc-cd">
         <name>.text</name>
         <load_address>0x43714</load_address>
         <run_address>0x43714</run_address>
         <size>0xec</size>
         <input_file_ref idref="fl-b"/>
      </object_component>
      <object_component id="oc-25c">
         <name>.text:floor</name>
         <load_address>0x43800</load_address>
         <run_address>0x43800</run_address>
         <size>0xe0</size>
         <input_file_ref idref="fl-44"/>
      </object_component>
      <object_component id="oc-110">
         <name>.text</name>
         <load_address>0x438e0</load_address>
         <run_address>0x438e0</run_address>
         <size>0xe0</size>
         <input_file_ref idref="fl-1f"/>
      </object_component>
      <object_component id="oc-9e">
         <name>.text</name>
         <load_address>0x439c0</load_address>
         <run_address>0x439c0</run_address>
         <size>0xb4</size>
         <input_file_ref idref="fl-1a"/>
      </object_component>
      <object_component id="oc-2e">
         <name>.text:retain</name>
         <load_address>0x43a74</load_address>
         <run_address>0x43a74</run_address>
         <size>0xb0</size>
         <input_file_ref idref="fl-10"/>
      </object_component>
      <object_component id="oc-2c0">
         <name>.text:_ltostr</name>
         <load_address>0x43b24</load_address>
         <run_address>0x43b24</run_address>
         <size>0xad</size>
         <input_file_ref idref="fl-41"/>
      </object_component>
      <object_component id="oc-62">
         <name>.text</name>
         <load_address>0x43bd2</load_address>
         <run_address>0x43bd2</run_address>
         <size>0x9c</size>
         <input_file_ref idref="fl-49"/>
      </object_component>
      <object_component id="oc-375">
         <name>.text</name>
         <load_address>0x43c6e</load_address>
         <run_address>0x43c6e</run_address>
         <size>0x2</size>
         <input_file_ref idref="fl-5e"/>
      </object_component>
      <object_component id="oc-464">
         <name>.text</name>
         <load_address>0x43c70</load_address>
         <run_address>0x43c70</run_address>
         <size>0x88</size>
         <input_file_ref idref="fl-2"/>
      </object_component>
      <object_component id="oc-3e2">
         <name>.text:_mcpy</name>
         <load_address>0x43cf8</load_address>
         <run_address>0x43cf8</run_address>
         <size>0x7a</size>
         <input_file_ref idref="fl-41"/>
      </object_component>
      <object_component id="oc-fa">
         <name>.text</name>
         <load_address>0x43d72</load_address>
         <run_address>0x43d72</run_address>
         <size>0x7a</size>
         <input_file_ref idref="fl-48"/>
      </object_component>
      <object_component id="oc-3f7">
         <name>.text:frexp</name>
         <load_address>0x43dec</load_address>
         <run_address>0x43dec</run_address>
         <size>0x74</size>
         <input_file_ref idref="fl-45"/>
      </object_component>
      <object_component id="oc-12">
         <name>.text:decompress:lzss:__TI_decompress_lzss</name>
         <load_address>0x43e60</load_address>
         <run_address>0x43e60</run_address>
         <size>0x6c</size>
         <input_file_ref idref="fl-50"/>
      </object_component>
      <object_component id="oc-ac">
         <name>.text:printf</name>
         <load_address>0x43ecc</load_address>
         <run_address>0x43ecc</run_address>
         <size>0x68</size>
         <input_file_ref idref="fl-40"/>
      </object_component>
      <object_component id="oc-3dc">
         <name>.text:_ecpy</name>
         <load_address>0x43f34</load_address>
         <run_address>0x43f34</run_address>
         <size>0x54</size>
         <input_file_ref idref="fl-41"/>
      </object_component>
      <object_component id="oc-3d6">
         <name>.text:ltoa</name>
         <load_address>0x43f88</load_address>
         <run_address>0x43f88</run_address>
         <size>0x54</size>
         <input_file_ref idref="fl-56"/>
      </object_component>
      <object_component id="oc-459">
         <name>.text</name>
         <load_address>0x43fdc</load_address>
         <run_address>0x43fdc</run_address>
         <size>0x54</size>
         <input_file_ref idref="fl-4a"/>
      </object_component>
      <object_component id="oc-2cc">
         <name>.text:_pconv_f</name>
         <load_address>0x44030</load_address>
         <run_address>0x44030</run_address>
         <size>0x50</size>
         <input_file_ref idref="fl-41"/>
      </object_component>
      <object_component id="oc-2ba">
         <name>.text:atoi</name>
         <load_address>0x44080</load_address>
         <run_address>0x44080</run_address>
         <size>0x50</size>
         <input_file_ref idref="fl-53"/>
      </object_component>
      <object_component id="oc-268">
         <name>.text</name>
         <load_address>0x440d0</load_address>
         <run_address>0x440d0</run_address>
         <size>0x50</size>
         <input_file_ref idref="fl-4b"/>
      </object_component>
      <object_component id="oc-34">
         <name>.text:retain</name>
         <load_address>0x44120</load_address>
         <run_address>0x44120</run_address>
         <size>0x4c</size>
         <input_file_ref idref="fl-14"/>
      </object_component>
      <object_component id="oc-11e">
         <name>.text:__TI_auto_init_nobinit_nopinit:__TI_auto_init_nobinit_nopinit</name>
         <load_address>0x4416c</load_address>
         <run_address>0x4416c</run_address>
         <size>0x44</size>
         <input_file_ref idref="fl-4c"/>
      </object_component>
      <object_component id="oc-3ef">
         <name>.text:_fcpy</name>
         <load_address>0x441b0</load_address>
         <run_address>0x441b0</run_address>
         <size>0x40</size>
         <input_file_ref idref="fl-41"/>
      </object_component>
      <object_component id="oc-45">
         <name>.text:retain</name>
         <load_address>0x441f0</load_address>
         <run_address>0x441f0</run_address>
         <size>0x3c</size>
         <input_file_ref idref="fl-1d"/>
      </object_component>
      <object_component id="oc-390">
         <name>.text:rand</name>
         <load_address>0x4422c</load_address>
         <run_address>0x4422c</run_address>
         <size>0x34</size>
         <input_file_ref idref="fl-58"/>
      </object_component>
      <object_component id="oc-485">
         <name>.text:sqrt</name>
         <load_address>0x44260</load_address>
         <run_address>0x44260</run_address>
         <size>0x2c</size>
         <input_file_ref idref="fl-43"/>
      </object_component>
      <object_component id="oc-280">
         <name>.text:srand</name>
         <load_address>0x4428c</load_address>
         <run_address>0x4428c</run_address>
         <size>0x24</size>
         <input_file_ref idref="fl-58"/>
      </object_component>
      <object_component id="oc-4b6">
         <name>.text:copysign</name>
         <load_address>0x442b0</load_address>
         <run_address>0x442b0</run_address>
         <size>0x1e</size>
         <input_file_ref idref="fl-5d"/>
      </object_component>
      <object_component id="oc-2de">
         <name>.text:memccpy</name>
         <load_address>0x442ce</load_address>
         <run_address>0x442ce</run_address>
         <size>0x1c</size>
         <input_file_ref idref="fl-57"/>
      </object_component>
      <object_component id="oc-403">
         <name>.text:strchr</name>
         <load_address>0x442ea</load_address>
         <run_address>0x442ea</run_address>
         <size>0x16</size>
         <input_file_ref idref="fl-59"/>
      </object_component>
      <object_component id="oc-1da">
         <name>.text:strlen</name>
         <load_address>0x44300</load_address>
         <run_address>0x44300</run_address>
         <size>0x16</size>
         <input_file_ref idref="fl-5a"/>
      </object_component>
      <object_component id="oc-2e4">
         <name>.text:wcslen</name>
         <load_address>0x44316</load_address>
         <run_address>0x44316</run_address>
         <size>0x12</size>
         <input_file_ref idref="fl-5c"/>
      </object_component>
      <object_component id="oc-18">
         <name>.text:decompress:none:__TI_decompress_none</name>
         <load_address>0x44328</load_address>
         <run_address>0x44328</run_address>
         <size>0xe</size>
         <input_file_ref idref="fl-4f"/>
      </object_component>
      <object_component id="oc-74">
         <name>.text:decompress:ZI:__TI_zero_init</name>
         <load_address>0x44336</load_address>
         <run_address>0x44336</run_address>
         <size>0xc</size>
         <input_file_ref idref="fl-4e"/>
      </object_component>
      <object_component id="oc-2ea">
         <name>.text:__aeabi_errno_addr</name>
         <load_address>0x44344</load_address>
         <run_address>0x44344</run_address>
         <size>0x8</size>
         <input_file_ref idref="fl-5b"/>
      </object_component>
      <object_component id="oc-19d">
         <name>.text:_outc</name>
         <load_address>0x4434c</load_address>
         <run_address>0x4434c</run_address>
         <size>0x4</size>
         <input_file_ref idref="fl-40"/>
      </object_component>
      <object_component id="oc-197">
         <name>.text:_outs</name>
         <load_address>0x44350</load_address>
         <run_address>0x44350</run_address>
         <size>0x4</size>
         <input_file_ref idref="fl-40"/>
      </object_component>
      <object_component id="oc-178">
         <name>.text:abort:abort</name>
         <load_address>0x44354</load_address>
         <run_address>0x44354</run_address>
         <size>0x4</size>
         <input_file_ref idref="fl-51"/>
      </object_component>
      <object_component id="oc-85">
         <name>.text</name>
         <load_address>0x44358</load_address>
         <run_address>0x44358</run_address>
         <size>0x4</size>
         <input_file_ref idref="fl-21"/>
      </object_component>
      <object_component id="oc-542">
         <name>.tramp.fputs.1</name>
         <load_address>0x4435c</load_address>
         <run_address>0x4435c</run_address>
         <size>0x8</size>
         <input_file_ref idref="fl-32"/>
      </object_component>
      <object_component id="oc-541">
         <name>.tramp.fputc.1</name>
         <load_address>0x44364</load_address>
         <run_address>0x44364</run_address>
         <size>0x8</size>
         <input_file_ref idref="fl-32"/>
      </object_component>
      <object_component id="oc-540">
         <name>.tramp.myrestore.1</name>
         <load_address>0x4436c</load_address>
         <run_address>0x4436c</run_address>
         <size>0x8</size>
         <input_file_ref idref="fl-38"/>
      </object_component>
      <object_component id="oc-28c">
         <name>.const:IMG_DATA</name>
         <load_address>0x2290</load_address>
         <run_address>0x2290</run_address>
         <size>0x26480</size>
         <input_file_ref idref="fl-38"/>
      </object_component>
      <object_component id="oc-289">
         <name>.const:.string:LAYER_WT</name>
         <load_address>0x28710</load_address>
         <run_address>0x28710</run_address>
         <size>0xbe5f</size>
         <input_file_ref idref="fl-37"/>
      </object_component>
      <object_component id="oc-38c">
         <name>.const:CHECKSUMs</name>
         <load_address>0x34570</load_address>
         <run_address>0x34570</run_address>
         <size>0x54c</size>
         <input_file_ref idref="fl-37"/>
      </object_component>
      <object_component id="oc-26d">
         <name>.const:het1PROGRAM</name>
         <load_address>0x34abc</load_address>
         <run_address>0x34abc</run_address>
         <size>0x3a0</size>
         <input_file_ref idref="fl-10"/>
      </object_component>
      <object_component id="oc-2b">
         <name>.const:s_vim_init</name>
         <load_address>0x34e5c</load_address>
         <run_address>0x34e5c</run_address>
         <size>0x180</size>
         <input_file_ref idref="fl-22"/>
      </object_component>
      <object_component id="oc-3a7">
         <name>.const:gold_mat</name>
         <load_address>0x34fdc</load_address>
         <run_address>0x34fdc</run_address>
         <size>0x144</size>
         <input_file_ref idref="fl-37"/>
      </object_component>
      <object_component id="oc-3cb">
         <name>.const:.string:_ctypes_</name>
         <load_address>0x35120</load_address>
         <run_address>0x35120</run_address>
         <size>0x101</size>
         <input_file_ref idref="fl-54"/>
      </object_component>
      <object_component id="oc-294">
         <name>.const:.string:IMG_LABEL</name>
         <load_address>0x35221</load_address>
         <run_address>0x35221</run_address>
         <size>0xc8</size>
         <input_file_ref idref="fl-38"/>
      </object_component>
      <object_component id="oc-3a1">
         <name>.const:.string:str1</name>
         <load_address>0x352e9</load_address>
         <run_address>0x352e9</run_address>
         <size>0x83</size>
         <input_file_ref idref="fl-37"/>
      </object_component>
      <object_component id="oc-4df">
         <name>.const:$O1$$</name>
         <load_address>0x35370</load_address>
         <run_address>0x35370</run_address>
         <size>0x30</size>
         <input_file_ref idref="fl-42"/>
      </object_component>
      <object_component id="oc-270">
         <name>.const:s_het1pwmPolarity</name>
         <load_address>0x353a0</load_address>
         <run_address>0x353a0</run_address>
         <size>0x20</size>
         <input_file_ref idref="fl-10"/>
      </object_component>
      <object_component id="oc-535">
         <name>.cinit..data.load</name>
         <load_address>0x44378</load_address>
         <run_address>0x44378</run_address>
         <size>0x97e8</size>
      </object_component>
      <object_component id="oc-532">
         <name>__TI_handler_table</name>
         <load_address>0x4db60</load_address>
         <run_address>0x4db60</run_address>
         <size>0xc</size>
      </object_component>
      <object_component id="oc-534">
         <name>.cinit..bss.load</name>
         <load_address>0x4db70</load_address>
         <run_address>0x4db70</run_address>
         <size>0x8</size>
      </object_component>
      <object_component id="oc-536">
         <name>.cinit.my_sect1.load</name>
         <load_address>0x4db78</load_address>
         <run_address>0x4db78</run_address>
         <size>0x5</size>
      </object_component>
      <object_component id="oc-533">
         <name>__TI_cinit_table</name>
         <load_address>0x4db80</load_address>
         <run_address>0x4db80</run_address>
         <size>0x18</size>
      </object_component>
      <object_component id="oc-c9">
         <name>.bss:g_sciTransfer_t</name>
         <uninitialized>true</uninitialized>
         <run_address>0x8012398</run_address>
         <size>0x28</size>
         <input_file_ref idref="fl-15"/>
      </object_component>
      <object_component id="oc-1e0">
         <name>.common:Sci_uart</name>
         <uninitialized>true</uninitialized>
         <run_address>0x8011cfc</run_address>
         <size>0x214</size>
      </object_component>
      <object_component id="oc-1e4">
         <name>.common:Sci_Lin_uart</name>
         <uninitialized>true</uninitialized>
         <run_address>0x8011ae8</run_address>
         <size>0x214</size>
      </object_component>
      <object_component id="oc-1e3">
         <name>.common:sci_buf</name>
         <uninitialized>true</uninitialized>
         <run_address>0x80123c0</run_address>
         <size>0x20</size>
      </object_component>
      <object_component id="oc-1e5">
         <name>.common:sci_lin_buf</name>
         <uninitialized>true</uninitialized>
         <run_address>0x80123e0</run_address>
         <size>0x20</size>
      </object_component>
      <object_component id="oc-28f">
         <name>.common:output_data</name>
         <uninitialized>true</uninitialized>
         <run_address>0x8012368</run_address>
         <size>0x30</size>
      </object_component>
      <object_component id="oc-38b">
         <name>.common:im2col_buffer</name>
         <uninitialized>true</uninitialized>
         <run_address>0x80117e8</run_address>
         <size>0x300</size>
      </object_component>
      <object_component id="oc-38a">
         <name>.common:buffer1</name>
         <uninitialized>true</uninitialized>
         <run_address>0x8010a68</run_address>
         <size>0x6c0</size>
      </object_component>
      <object_component id="oc-38f">
         <name>.common:buffer2</name>
         <uninitialized>true</uninitialized>
         <run_address>0x8011128</run_address>
         <size>0x6c0</size>
      </object_component>
      <object_component id="oc-381">
         <name>.common:nn_models</name>
         <uninitialized>true</uninitialized>
         <run_address>0x800d77c</run_address>
         <size>0xfbc</size>
      </object_component>
      <object_component id="oc-39c">
         <name>.common:array</name>
         <uninitialized>true</uninitialized>
         <run_address>0x800e738</run_address>
         <size>0x910</size>
      </object_component>
      <object_component id="oc-39d">
         <name>.common:golden_array</name>
         <uninitialized>true</uninitialized>
         <run_address>0x800f048</run_address>
         <size>0x910</size>
      </object_component>
      <object_component id="oc-39e">
         <name>.common:golden_array_rev</name>
         <uninitialized>true</uninitialized>
         <run_address>0x800f958</run_address>
         <size>0x910</size>
      </object_component>
      <object_component id="oc-39f">
         <name>.common:qbuffer</name>
         <uninitialized>true</uninitialized>
         <run_address>0x8010268</run_address>
         <size>0x800</size>
      </object_component>
      <object_component id="oc-3a0">
         <name>.common:str</name>
         <uninitialized>true</uninitialized>
         <run_address>0x80122dc</run_address>
         <size>0x8c</size>
      </object_component>
      <object_component id="oc-3a5">
         <name>.common:first_matrix</name>
         <uninitialized>true</uninitialized>
         <run_address>0x8011f10</run_address>
         <size>0x144</size>
      </object_component>
      <object_component id="oc-3a4">
         <name>.common:second_matrix</name>
         <uninitialized>true</uninitialized>
         <run_address>0x8012054</run_address>
         <size>0x144</size>
      </object_component>
      <object_component id="oc-3a6">
         <name>.common:three_matrix</name>
         <uninitialized>true</uninitialized>
         <run_address>0x8012198</run_address>
         <size>0x144</size>
      </object_component>
      <object_component id="oc-47c">
         <name>.data</name>
         <load_address>0x800d778</load_address>
         <run_address>0x800d778</run_address>
         <size>0x2</size>
         <input_file_ref idref="fl-36"/>
      </object_component>
      <object_component id="oc-286">
         <name>.data:layer_wt</name>
         <load_address>0x8001800</load_address>
         <run_address>0x8001800</run_address>
         <size>0xbe5f</size>
         <input_file_ref idref="fl-37"/>
      </object_component>
      <object_component id="oc-399">
         <name>.data</name>
         <load_address>0x800d750</load_address>
         <run_address>0x800d750</run_address>
         <size>0x18</size>
         <input_file_ref idref="fl-37"/>
      </object_component>
      <object_component id="oc-191">
         <name>.data:$O1$$</name>
         <load_address>0x800d768</load_address>
         <run_address>0x800d768</run_address>
         <size>0x8</size>
         <input_file_ref idref="fl-52"/>
      </object_component>
      <object_component id="oc-194">
         <name>.data:_ftable</name>
         <load_address>0x800d660</load_address>
         <run_address>0x800d660</run_address>
         <size>0xf0</size>
         <input_file_ref idref="fl-55"/>
      </object_component>
      <object_component id="oc-3b0">
         <name>.data</name>
         <load_address>0x800d774</load_address>
         <run_address>0x800d774</run_address>
         <size>0x4</size>
         <input_file_ref idref="fl-58"/>
      </object_component>
      <object_component id="oc-413">
         <name>.data</name>
         <load_address>0x800d770</load_address>
         <run_address>0x800d770</run_address>
         <size>0x4</size>
         <input_file_ref idref="fl-5b"/>
      </object_component>
      <object_component id="oc-396">
         <name>my_sect1</name>
         <load_address>0x8001504</load_address>
         <run_address>0x8001504</run_address>
         <size>0x1</size>
         <input_file_ref idref="fl-1a"/>
      </object_component>
      <object_component id="oc-b2">
         <name>.TI.bound:myrestore</name>
         <load_address>0x2000</load_address>
         <run_address>0x2000</run_address>
         <size>0x248</size>
         <input_file_ref idref="fl-38"/>
      </object_component>
      <object_component id="oc-53f">
         <name>.tramp.$C$L73.1</name>
         <load_address>0x2248</load_address>
         <run_address>0x2248</run_address>
         <size>0x8</size>
         <input_file_ref idref="fl-38"/>
      </object_component>
      <object_component id="oc-53e">
         <name>.tramp.$C$L71.1</name>
         <load_address>0x2250</load_address>
         <run_address>0x2250</run_address>
         <size>0x8</size>
         <input_file_ref idref="fl-38"/>
      </object_component>
      <object_component id="oc-53d">
         <name>.tramp.$C$L70.1</name>
         <load_address>0x2258</load_address>
         <run_address>0x2258</run_address>
         <size>0x8</size>
         <input_file_ref idref="fl-38"/>
      </object_component>
      <object_component id="oc-53c">
         <name>.tramp.$C$L69.1</name>
         <load_address>0x2260</load_address>
         <run_address>0x2260</run_address>
         <size>0x8</size>
         <input_file_ref idref="fl-38"/>
      </object_component>
      <object_component id="oc-53b">
         <name>.tramp.$C$L68.1</name>
         <load_address>0x2268</load_address>
         <run_address>0x2268</run_address>
         <size>0x8</size>
         <input_file_ref idref="fl-38"/>
      </object_component>
      <object_component id="oc-53a">
         <name>.tramp.$C$L67.1</name>
         <load_address>0x2270</load_address>
         <run_address>0x2270</run_address>
         <size>0x8</size>
         <input_file_ref idref="fl-38"/>
      </object_component>
      <object_component id="oc-539">
         <name>.tramp.$C$L66.1</name>
         <load_address>0x2278</load_address>
         <run_address>0x2278</run_address>
         <size>0x8</size>
         <input_file_ref idref="fl-38"/>
      </object_component>
      <object_component id="oc-538">
         <name>.tramp.$C$L72.1</name>
         <load_address>0x2280</load_address>
         <run_address>0x2280</run_address>
         <size>0x8</size>
         <input_file_ref idref="fl-38"/>
      </object_component>
      <object_component id="oc-537">
         <name>.tramp.$C$L65.1</name>
         <load_address>0x2288</load_address>
         <run_address>0x2288</run_address>
         <size>0x8</size>
         <input_file_ref idref="fl-38"/>
      </object_component>
      <object_component id="oc-318">
         <name>.debug_info</name>
         <load_address>0x0</load_address>
         <run_address>0x0</run_address>
         <size>0x340</size>
         <input_file_ref idref="fl-2"/>
      </object_component>
      <object_component id="oc-465">
         <name>.debug_info</name>
         <load_address>0x340</load_address>
         <run_address>0x340</run_address>
         <size>0x21e</size>
         <input_file_ref idref="fl-2"/>
      </object_component>
      <object_component id="oc-3bd">
         <name>.debug_info</name>
         <load_address>0x55e</load_address>
         <run_address>0x55e</run_address>
         <size>0x19bc</size>
         <input_file_ref idref="fl-2"/>
      </object_component>
      <object_component id="oc-1b2">
         <name>.debug_info</name>
         <load_address>0x1f1a</load_address>
         <run_address>0x1f1a</run_address>
         <size>0x26b</size>
         <input_file_ref idref="fl-2"/>
      </object_component>
      <object_component id="oc-3ab">
         <name>.debug_info</name>
         <load_address>0x2185</load_address>
         <run_address>0x2185</run_address>
         <size>0x69a</size>
         <input_file_ref idref="fl-2"/>
      </object_component>
      <object_component id="oc-5d">
         <name>.debug_info</name>
         <load_address>0x281f</load_address>
         <run_address>0x281f</run_address>
         <size>0x84</size>
         <input_file_ref idref="fl-2"/>
      </object_component>
      <object_component id="oc-313">
         <name>.debug_info</name>
         <load_address>0x28a3</load_address>
         <run_address>0x28a3</run_address>
         <size>0x297</size>
         <input_file_ref idref="fl-2"/>
      </object_component>
      <object_component id="oc-1ab">
         <name>.debug_info</name>
         <load_address>0x2b3a</load_address>
         <run_address>0x2b3a</run_address>
         <size>0xbb</size>
         <input_file_ref idref="fl-2"/>
      </object_component>
      <object_component id="oc-298">
         <name>.debug_info</name>
         <load_address>0x2bf5</load_address>
         <run_address>0x2bf5</run_address>
         <size>0x7a</size>
         <input_file_ref idref="fl-2"/>
      </object_component>
      <object_component id="oc-1f3">
         <name>.debug_info</name>
         <load_address>0x2c6f</load_address>
         <run_address>0x2c6f</run_address>
         <size>0x2c</size>
         <input_file_ref idref="fl-2"/>
      </object_component>
      <object_component id="oc-1a5">
         <name>.debug_info</name>
         <load_address>0x2c9b</load_address>
         <run_address>0x2c9b</run_address>
         <size>0x2c</size>
         <input_file_ref idref="fl-2"/>
      </object_component>
      <object_component id="oc-345">
         <name>.debug_info</name>
         <load_address>0x2cc7</load_address>
         <run_address>0x2cc7</run_address>
         <size>0x383</size>
         <input_file_ref idref="fl-3"/>
      </object_component>
      <object_component id="oc-45f">
         <name>.debug_info</name>
         <load_address>0x304a</load_address>
         <run_address>0x304a</run_address>
         <size>0x5b4</size>
         <input_file_ref idref="fl-3"/>
      </object_component>
      <object_component id="oc-b9">
         <name>.debug_info</name>
         <load_address>0x35fe</load_address>
         <run_address>0x35fe</run_address>
         <size>0x157</size>
         <input_file_ref idref="fl-3"/>
      </object_component>
      <object_component id="oc-241">
         <name>.debug_info</name>
         <load_address>0x3755</load_address>
         <run_address>0x3755</run_address>
         <size>0x306</size>
         <input_file_ref idref="fl-3"/>
      </object_component>
      <object_component id="oc-da">
         <name>.debug_info</name>
         <load_address>0x3a5b</load_address>
         <run_address>0x3a5b</run_address>
         <size>0x8b</size>
         <input_file_ref idref="fl-3"/>
      </object_component>
      <object_component id="oc-df">
         <name>.debug_info</name>
         <load_address>0x3ae6</load_address>
         <run_address>0x3ae6</run_address>
         <size>0x86</size>
         <input_file_ref idref="fl-3"/>
      </object_component>
      <object_component id="oc-256">
         <name>.debug_info</name>
         <load_address>0x3b6c</load_address>
         <run_address>0x3b6c</run_address>
         <size>0x1d4</size>
         <input_file_ref idref="fl-3"/>
      </object_component>
      <object_component id="oc-4da">
         <name>.debug_info</name>
         <load_address>0x3d40</load_address>
         <run_address>0x3d40</run_address>
         <size>0x364</size>
         <input_file_ref idref="fl-4"/>
      </object_component>
      <object_component id="oc-471">
         <name>.debug_info</name>
         <load_address>0x40a4</load_address>
         <run_address>0x40a4</run_address>
         <size>0x465</size>
         <input_file_ref idref="fl-4"/>
      </object_component>
      <object_component id="oc-4d8">
         <name>.debug_info</name>
         <load_address>0x4509</load_address>
         <run_address>0x4509</run_address>
         <size>0x36f</size>
         <input_file_ref idref="fl-5"/>
      </object_component>
      <object_component id="oc-46b">
         <name>.debug_info</name>
         <load_address>0x4878</load_address>
         <run_address>0x4878</run_address>
         <size>0x64b</size>
         <input_file_ref idref="fl-5"/>
      </object_component>
      <object_component id="oc-4dc">
         <name>.debug_info</name>
         <load_address>0x4ec3</load_address>
         <run_address>0x4ec3</run_address>
         <size>0x354</size>
         <input_file_ref idref="fl-6"/>
      </object_component>
      <object_component id="oc-477">
         <name>.debug_info</name>
         <load_address>0x5217</load_address>
         <run_address>0x5217</run_address>
         <size>0x4d6</size>
         <input_file_ref idref="fl-6"/>
      </object_component>
      <object_component id="oc-1eb">
         <name>.debug_info</name>
         <load_address>0x56ed</load_address>
         <run_address>0x56ed</run_address>
         <size>0x2ee</size>
         <input_file_ref idref="fl-9"/>
      </object_component>
      <object_component id="oc-200">
         <name>.debug_info</name>
         <load_address>0x59db</load_address>
         <run_address>0x59db</run_address>
         <size>0x60e</size>
         <input_file_ref idref="fl-9"/>
      </object_component>
      <object_component id="oc-d5">
         <name>.debug_info</name>
         <load_address>0x5fe9</load_address>
         <run_address>0x5fe9</run_address>
         <size>0x18c</size>
         <input_file_ref idref="fl-9"/>
      </object_component>
      <object_component id="oc-335">
         <name>.debug_info</name>
         <load_address>0x6175</load_address>
         <run_address>0x6175</run_address>
         <size>0x38f</size>
         <input_file_ref idref="fl-9"/>
      </object_component>
      <object_component id="oc-1d0">
         <name>.debug_info</name>
         <load_address>0x6504</load_address>
         <run_address>0x6504</run_address>
         <size>0x2cf</size>
         <input_file_ref idref="fl-9"/>
      </object_component>
      <object_component id="oc-343">
         <name>.debug_info</name>
         <load_address>0x67d3</load_address>
         <run_address>0x67d3</run_address>
         <size>0x2f5</size>
         <input_file_ref idref="fl-a"/>
      </object_component>
      <object_component id="oc-20f">
         <name>.debug_info</name>
         <load_address>0x6ac8</load_address>
         <run_address>0x6ac8</run_address>
         <size>0x437</size>
         <input_file_ref idref="fl-a"/>
      </object_component>
      <object_component id="oc-435">
         <name>.debug_info</name>
         <load_address>0x6eff</load_address>
         <run_address>0x6eff</run_address>
         <size>0x15f</size>
         <input_file_ref idref="fl-a"/>
      </object_component>
      <object_component id="oc-ce">
         <name>.debug_info</name>
         <load_address>0x705e</load_address>
         <run_address>0x705e</run_address>
         <size>0xd8</size>
         <input_file_ref idref="fl-b"/>
      </object_component>
      <object_component id="oc-267">
         <name>.debug_info</name>
         <load_address>0x7136</load_address>
         <run_address>0x7136</run_address>
         <size>0x274</size>
         <input_file_ref idref="fl-c"/>
      </object_component>
      <object_component id="oc-166">
         <name>.debug_info</name>
         <load_address>0x73aa</load_address>
         <run_address>0x73aa</run_address>
         <size>0x297</size>
         <input_file_ref idref="fl-c"/>
      </object_component>
      <object_component id="oc-36b">
         <name>.debug_info</name>
         <load_address>0x7641</load_address>
         <run_address>0x7641</run_address>
         <size>0x18e</size>
         <input_file_ref idref="fl-c"/>
      </object_component>
      <object_component id="oc-370">
         <name>.debug_info</name>
         <load_address>0x77cf</load_address>
         <run_address>0x77cf</run_address>
         <size>0x1c8</size>
         <input_file_ref idref="fl-c"/>
      </object_component>
      <object_component id="oc-1fb">
         <name>.debug_info</name>
         <load_address>0x7997</load_address>
         <run_address>0x7997</run_address>
         <size>0x2b0</size>
         <input_file_ref idref="fl-d"/>
      </object_component>
      <object_component id="oc-80">
         <name>.debug_info</name>
         <load_address>0x7c47</load_address>
         <run_address>0x7c47</run_address>
         <size>0x631</size>
         <input_file_ref idref="fl-d"/>
      </object_component>
      <object_component id="oc-102">
         <name>.debug_info</name>
         <load_address>0x8278</load_address>
         <run_address>0x8278</run_address>
         <size>0x9e7</size>
         <input_file_ref idref="fl-d"/>
      </object_component>
      <object_component id="oc-11d">
         <name>.debug_info</name>
         <load_address>0x8c5f</load_address>
         <run_address>0x8c5f</run_address>
         <size>0x3e1</size>
         <input_file_ref idref="fl-e"/>
      </object_component>
      <object_component id="oc-98">
         <name>.debug_info</name>
         <load_address>0x9040</load_address>
         <run_address>0x9040</run_address>
         <size>0xb1d</size>
         <input_file_ref idref="fl-e"/>
      </object_component>
      <object_component id="oc-26">
         <name>.debug_info</name>
         <load_address>0x9b5d</load_address>
         <run_address>0x9b5d</run_address>
         <size>0x1a1</size>
         <input_file_ref idref="fl-e"/>
      </object_component>
      <object_component id="oc-322">
         <name>.debug_info</name>
         <load_address>0x9cfe</load_address>
         <run_address>0x9cfe</run_address>
         <size>0xcc</size>
         <input_file_ref idref="fl-e"/>
      </object_component>
      <object_component id="oc-1b7">
         <name>.debug_info</name>
         <load_address>0x9dca</load_address>
         <run_address>0x9dca</run_address>
         <size>0x1de</size>
         <input_file_ref idref="fl-e"/>
      </object_component>
      <object_component id="oc-118">
         <name>.debug_info</name>
         <load_address>0x9fa8</load_address>
         <run_address>0x9fa8</run_address>
         <size>0x129</size>
         <input_file_ref idref="fl-e"/>
      </object_component>
      <object_component id="oc-1c1">
         <name>.debug_info</name>
         <load_address>0xa0d1</load_address>
         <run_address>0xa0d1</run_address>
         <size>0x1f9</size>
         <input_file_ref idref="fl-e"/>
      </object_component>
      <object_component id="oc-1c6">
         <name>.debug_info</name>
         <load_address>0xa2ca</load_address>
         <run_address>0xa2ca</run_address>
         <size>0x6a6</size>
         <input_file_ref idref="fl-e"/>
      </object_component>
      <object_component id="oc-264">
         <name>.debug_info</name>
         <load_address>0xa970</load_address>
         <run_address>0xa970</run_address>
         <size>0x28b</size>
         <input_file_ref idref="fl-f"/>
      </object_component>
      <object_component id="oc-15b">
         <name>.debug_info</name>
         <load_address>0xabfb</load_address>
         <run_address>0xabfb</run_address>
         <size>0x6d5</size>
         <input_file_ref idref="fl-f"/>
      </object_component>
      <object_component id="oc-364">
         <name>.debug_info</name>
         <load_address>0xb2d0</load_address>
         <run_address>0xb2d0</run_address>
         <size>0x12a</size>
         <input_file_ref idref="fl-f"/>
      </object_component>
      <object_component id="oc-274">
         <name>.debug_info</name>
         <load_address>0xb3fa</load_address>
         <run_address>0xb3fa</run_address>
         <size>0x354</size>
         <input_file_ref idref="fl-10"/>
      </object_component>
      <object_component id="oc-271">
         <name>.debug_info</name>
         <load_address>0xb74e</load_address>
         <run_address>0xb74e</run_address>
         <size>0xe0</size>
         <input_file_ref idref="fl-10"/>
      </object_component>
      <object_component id="oc-26e">
         <name>.debug_info</name>
         <load_address>0xb82e</load_address>
         <run_address>0xb82e</run_address>
         <size>0xd4</size>
         <input_file_ref idref="fl-10"/>
      </object_component>
      <object_component id="oc-16c">
         <name>.debug_info</name>
         <load_address>0xb902</load_address>
         <run_address>0xb902</run_address>
         <size>0xd5c</size>
         <input_file_ref idref="fl-10"/>
      </object_component>
      <object_component id="oc-2f">
         <name>.debug_info</name>
         <load_address>0xc65e</load_address>
         <run_address>0xc65e</run_address>
         <size>0x176</size>
         <input_file_ref idref="fl-10"/>
      </object_component>
      <object_component id="oc-219">
         <name>.debug_info</name>
         <load_address>0xc7d4</load_address>
         <run_address>0xc7d4</run_address>
         <size>0x3d3</size>
         <input_file_ref idref="fl-10"/>
      </object_component>
      <object_component id="oc-275">
         <name>.debug_info</name>
         <load_address>0xcba7</load_address>
         <run_address>0xcba7</run_address>
         <size>0x2e3</size>
         <input_file_ref idref="fl-10"/>
      </object_component>
      <object_component id="oc-3ca">
         <name>.debug_info</name>
         <load_address>0xce8a</load_address>
         <run_address>0xce8a</run_address>
         <size>0x296</size>
         <input_file_ref idref="fl-11"/>
      </object_component>
      <object_component id="oc-2ab">
         <name>.debug_info</name>
         <load_address>0xd120</load_address>
         <run_address>0xd120</run_address>
         <size>0x2e2</size>
         <input_file_ref idref="fl-11"/>
      </object_component>
      <object_component id="oc-49e">
         <name>.debug_info</name>
         <load_address>0xd402</load_address>
         <run_address>0xd402</run_address>
         <size>0x34f</size>
         <input_file_ref idref="fl-11"/>
      </object_component>
      <object_component id="oc-185">
         <name>.debug_info</name>
         <load_address>0xd751</load_address>
         <run_address>0xd751</run_address>
         <size>0x4d0</size>
         <input_file_ref idref="fl-12"/>
      </object_component>
      <object_component id="oc-a7">
         <name>.debug_info</name>
         <load_address>0xdc21</load_address>
         <run_address>0xdc21</run_address>
         <size>0xf89</size>
         <input_file_ref idref="fl-12"/>
      </object_component>
      <object_component id="oc-205">
         <name>.debug_info</name>
         <load_address>0xebaa</load_address>
         <run_address>0xebaa</run_address>
         <size>0x4de</size>
         <input_file_ref idref="fl-12"/>
      </object_component>
      <object_component id="oc-20a">
         <name>.debug_info</name>
         <load_address>0xf088</load_address>
         <run_address>0xf088</run_address>
         <size>0x3ce</size>
         <input_file_ref idref="fl-12"/>
      </object_component>
      <object_component id="oc-2a6">
         <name>.debug_info</name>
         <load_address>0xf456</load_address>
         <run_address>0xf456</run_address>
         <size>0x7cd</size>
         <input_file_ref idref="fl-12"/>
      </object_component>
      <object_component id="oc-186">
         <name>.debug_info</name>
         <load_address>0xfc23</load_address>
         <run_address>0xfc23</run_address>
         <size>0x673</size>
         <input_file_ref idref="fl-12"/>
      </object_component>
      <object_component id="oc-23a">
         <name>.debug_info</name>
         <load_address>0x10296</load_address>
         <run_address>0x10296</run_address>
         <size>0x37b</size>
         <input_file_ref idref="fl-12"/>
      </object_component>
      <object_component id="oc-214">
         <name>.debug_info</name>
         <load_address>0x10611</load_address>
         <run_address>0x10611</run_address>
         <size>0x1ca</size>
         <input_file_ref idref="fl-12"/>
      </object_component>
      <object_component id="oc-1bc">
         <name>.debug_info</name>
         <load_address>0x107db</load_address>
         <run_address>0x107db</run_address>
         <size>0x435</size>
         <input_file_ref idref="fl-12"/>
      </object_component>
      <object_component id="oc-22d">
         <name>.debug_info</name>
         <load_address>0x10c10</load_address>
         <run_address>0x10c10</run_address>
         <size>0x551</size>
         <input_file_ref idref="fl-12"/>
      </object_component>
      <object_component id="oc-223">
         <name>.debug_info</name>
         <load_address>0x11161</load_address>
         <run_address>0x11161</run_address>
         <size>0x1de</size>
         <input_file_ref idref="fl-12"/>
      </object_component>
      <object_component id="oc-2b0">
         <name>.debug_info</name>
         <load_address>0x1133f</load_address>
         <run_address>0x1133f</run_address>
         <size>0x243</size>
         <input_file_ref idref="fl-12"/>
      </object_component>
      <object_component id="oc-32e">
         <name>.debug_info</name>
         <load_address>0x11582</load_address>
         <run_address>0x11582</run_address>
         <size>0x18e</size>
         <input_file_ref idref="fl-12"/>
      </object_component>
      <object_component id="oc-2b5">
         <name>.debug_info</name>
         <load_address>0x11710</load_address>
         <run_address>0x11710</run_address>
         <size>0x26c</size>
         <input_file_ref idref="fl-12"/>
      </object_component>
      <object_component id="oc-232">
         <name>.debug_info</name>
         <load_address>0x1197c</load_address>
         <run_address>0x1197c</run_address>
         <size>0x17a</size>
         <input_file_ref idref="fl-12"/>
      </object_component>
      <object_component id="oc-1cb">
         <name>.debug_info</name>
         <load_address>0x11af6</load_address>
         <run_address>0x11af6</run_address>
         <size>0x13e</size>
         <input_file_ref idref="fl-12"/>
      </object_component>
      <object_component id="oc-1fd">
         <name>.debug_info</name>
         <load_address>0x11c34</load_address>
         <run_address>0x11c34</run_address>
         <size>0x2be</size>
         <input_file_ref idref="fl-13"/>
      </object_component>
      <object_component id="oc-109">
         <name>.debug_info</name>
         <load_address>0x11ef2</load_address>
         <run_address>0x11ef2</run_address>
         <size>0x1d7</size>
         <input_file_ref idref="fl-13"/>
      </object_component>
      <object_component id="oc-21e">
         <name>.debug_info</name>
         <load_address>0x120c9</load_address>
         <run_address>0x120c9</run_address>
         <size>0x3a4</size>
         <input_file_ref idref="fl-13"/>
      </object_component>
      <object_component id="oc-33e">
         <name>.debug_info</name>
         <load_address>0x1246d</load_address>
         <run_address>0x1246d</run_address>
         <size>0x2c7</size>
         <input_file_ref idref="fl-13"/>
      </object_component>
      <object_component id="oc-25b">
         <name>.debug_info</name>
         <load_address>0x12734</load_address>
         <run_address>0x12734</run_address>
         <size>0x2db</size>
         <input_file_ref idref="fl-14"/>
      </object_component>
      <object_component id="oc-14f">
         <name>.debug_info</name>
         <load_address>0x12a0f</load_address>
         <run_address>0x12a0f</run_address>
         <size>0xd19</size>
         <input_file_ref idref="fl-14"/>
      </object_component>
      <object_component id="oc-35">
         <name>.debug_info</name>
         <load_address>0x13728</load_address>
         <run_address>0x13728</run_address>
         <size>0x137</size>
         <input_file_ref idref="fl-14"/>
      </object_component>
      <object_component id="oc-1e9">
         <name>.debug_info</name>
         <load_address>0x1385f</load_address>
         <run_address>0x1385f</run_address>
         <size>0x30d</size>
         <input_file_ref idref="fl-15"/>
      </object_component>
      <object_component id="oc-ca">
         <name>.debug_info</name>
         <load_address>0x13b6c</load_address>
         <run_address>0x13b6c</run_address>
         <size>0xdc</size>
         <input_file_ref idref="fl-15"/>
      </object_component>
      <object_component id="oc-155">
         <name>.debug_info</name>
         <load_address>0x13c48</load_address>
         <run_address>0x13c48</run_address>
         <size>0xcf7</size>
         <input_file_ref idref="fl-15"/>
      </object_component>
      <object_component id="oc-3b">
         <name>.debug_info</name>
         <load_address>0x1493f</load_address>
         <run_address>0x1493f</run_address>
         <size>0x4c3</size>
         <input_file_ref idref="fl-15"/>
      </object_component>
      <object_component id="oc-329">
         <name>.debug_info</name>
         <load_address>0x14e02</load_address>
         <run_address>0x14e02</run_address>
         <size>0x91</size>
         <input_file_ref idref="fl-15"/>
      </object_component>
      <object_component id="oc-7b">
         <name>.debug_info</name>
         <load_address>0x14e93</load_address>
         <run_address>0x14e93</run_address>
         <size>0x7e6</size>
         <input_file_ref idref="fl-17"/>
      </object_component>
      <object_component id="oc-41">
         <name>.debug_info</name>
         <load_address>0x15679</load_address>
         <run_address>0x15679</run_address>
         <size>0xf9</size>
         <input_file_ref idref="fl-19"/>
      </object_component>
      <object_component id="oc-432">
         <name>.debug_info</name>
         <load_address>0x15772</load_address>
         <run_address>0x15772</run_address>
         <size>0x5a6</size>
         <input_file_ref idref="fl-1a"/>
      </object_component>
      <object_component id="oc-397">
         <name>.debug_info</name>
         <load_address>0x15d18</load_address>
         <run_address>0x15d18</run_address>
         <size>0xda</size>
         <input_file_ref idref="fl-1a"/>
      </object_component>
      <object_component id="oc-9f">
         <name>.debug_info</name>
         <load_address>0x15df2</load_address>
         <run_address>0x15df2</run_address>
         <size>0x2a6</size>
         <input_file_ref idref="fl-1a"/>
      </object_component>
      <object_component id="oc-31d">
         <name>.debug_info</name>
         <load_address>0x16098</load_address>
         <run_address>0x16098</run_address>
         <size>0xb4</size>
         <input_file_ref idref="fl-1a"/>
      </object_component>
      <object_component id="oc-161">
         <name>.debug_info</name>
         <load_address>0x1614c</load_address>
         <run_address>0x1614c</run_address>
         <size>0x406</size>
         <input_file_ref idref="fl-1b"/>
      </object_component>
      <object_component id="oc-344">
         <name>.debug_info</name>
         <load_address>0x16552</load_address>
         <run_address>0x16552</run_address>
         <size>0x291</size>
         <input_file_ref idref="fl-1c"/>
[...]
      </symbol>
      <symbol id="sm-8da">
         <name>RS485_sci_lin_Tx</name>
         <value>0x4137c</value>
         <object_component_ref idref="oc-c3"/>
      </symbol>
      <symbol id="sm-8db">
         <name>RS485_sci_lin_Rx</name>
         <value>0x41390</value>
         <object_component_ref idref="oc-c3"/>
      </symbol>
      <symbol id="sm-8dc">
         <name>sci_lin_Send</name>
         <value>0x41404</value>
         <object_component_ref idref="oc-c3"/>
      </symbol>
      <symbol id="sm-8dd">
         <name>RS485_Rx1</name>
         <value>0x41378</value>
         <object_component_ref idref="oc-c3"/>
      </symbol>
      <symbol id="sm-8de">
         <name>fputs</name>
         <value>0x4160c</value>
         <object_component_ref idref="oc-c3"/>
      </symbol>
      <symbol id="sm-8df">
         <name>fputc</name>
         <value>0x4168c</value>
         <object_component_ref idref="oc-c3"/>
      </symbol>
      <symbol id="sm-8e0">
         <name>user_sci_init</name>
         <value>0x41554</value>
         <object_component_ref idref="oc-c3"/>
      </symbol>
      <symbol id="sm-8ed">
         <name>output_data</name>
         <value>0x8012368</value>
      </symbol>
      <symbol id="sm-9ba">
         <name>myarm_convolve_HWC_q7_sdwc</name>
         <value>0x39fb8</value>
         <object_component_ref idref="oc-384"/>
      </symbol>
      <symbol id="sm-9bb">
         <name>nor_dis_q7</name>
         <value>0x3aa54</value>
         <object_component_ref idref="oc-384"/>
      </symbol>
      <symbol id="sm-9bc">
         <name>myarm_maxpool_q7_HWC</name>
         <value>0x39b1c</value>
         <object_component_ref idref="oc-384"/>
      </symbol>
      <symbol id="sm-9bd">
         <name>myarm_convolve_HWC_q7_basic</name>
         <value>0x3977c</value>
         <object_component_ref idref="oc-384"/>
      </symbol>
      <symbol id="sm-9be">
         <name>jiezhi1</name>
         <value>0x800d779</value>
         <object_component_ref idref="oc-47c"/>
      </symbol>
      <symbol id="sm-9bf">
         <name>myarm_softmax_q7</name>
         <value>0x39df0</value>
         <object_component_ref idref="oc-384"/>
      </symbol>
      <symbol id="sm-9c0">
         <name>handle_nn</name>
         <value>0x3abf4</value>
         <object_component_ref idref="oc-384"/>
      </symbol>
      <symbol id="sm-9c1">
         <name>myarm_relu_q7</name>
         <value>0x39d48</value>
         <object_component_ref idref="oc-384"/>
      </symbol>
      <symbol id="sm-9c2">
         <name>myarm_softmax_q7_sdwc</name>
         <value>0x3a720</value>
         <object_component_ref idref="oc-384"/>
      </symbol>
      <symbol id="sm-9c3">
         <name>myarm_fully_connected_q7_sdwc</name>
         <value>0x3a2ac</value>
         <object_component_ref idref="oc-384"/>
      </symbol>
      <symbol id="sm-9c4">
         <name>myarm_relu_q7_sdwc</name>
         <value>0x3a668</value>
         <object_component_ref idref="oc-384"/>
      </symbol>
      <symbol id="sm-9c5">
         <name>inject_faults</name>
         <value>0x3aa6c</value>
         <object_component_ref idref="oc-384"/>
      </symbol>
      <symbol id="sm-9c6">
         <name>myarm_relu_q7_range</name>
         <value>0x3a9d8</value>
         <object_component_ref idref="oc-384"/>
      </symbol>
      <symbol id="sm-9c7">
         <name>myarm_fully_connected_q7</name>
         <value>0x399ec</value>
         <object_component_ref idref="oc-384"/>
      </symbol>
      <symbol id="sm-9c8">
         <name>myarm_maxpool_q7_HWC_sdwc</name>
         <value>0x3a440</value>
         <object_component_ref idref="oc-384"/>
      </symbol>
      <symbol id="sm-9c9">
         <name>myarm_maxpool_q7_HWC_range</name>
         <value>0x3a8ec</value>
         <object_component_ref idref="oc-384"/>
      </symbol>
      <symbol id="sm-9ca">
         <name>jiezhi</name>
         <value>0x800d778</value>
         <object_component_ref idref="oc-47c"/>
      </symbol>
      <symbol id="sm-9cb">
         <name>ranger</name>
         <value>0x3ab0c</value>
         <object_component_ref idref="oc-384"/>
      </symbol>
      <symbol id="sm-9cc">
         <name>norm_nn</name>
         <value>0x3ae80</value>
         <object_component_ref idref="oc-384"/>
      </symbol>
      <symbol id="sm-b8e">
         <name>im2col_buffer</name>
         <value>0x80117e8</value>
      </symbol>
      <symbol id="sm-b8f">
         <name>buffer1</name>
         <value>0x8010a68</value>
      </symbol>
      <symbol id="sm-b90">
         <name>buffer2</name>
         <value>0x8011128</value>
      </symbol>
      <symbol id="sm-b91">
         <name>nn_models</name>
         <value>0x800d77c</value>
      </symbol>
      <symbol id="sm-b92">
         <name>array</name>
         <value>0x800e738</value>
      </symbol>
      <symbol id="sm-b93">
         <name>golden_array</name>
         <value>0x800f048</value>
      </symbol>
      <symbol id="sm-b94">
         <name>golden_array_rev</name>
         <value>0x800f958</value>
      </symbol>
      <symbol id="sm-b95">
         <name>qbuffer</name>
         <value>0x8010268</value>
      </symbol>
      <symbol id="sm-b96">
         <name>str</name>
         <value>0x80122dc</value>
      </symbol>
      <symbol id="sm-b97">
         <name>first_matrix</name>
         <value>0x8011f10</value>
      </symbol>
      <symbol id="sm-b98">
         <name>second_matrix</name>
         <value>0x8012054</value>
      </symbol>
      <symbol id="sm-b99">
         <name>three_matrix</name>
         <value>0x8012198</value>
      </symbol>
      <symbol id="sm-b9a">
         <name>init_NN</name>
         <value>0x388ac</value>
         <object_component_ref idref="oc-27a"/>
      </symbol>
      <symbol id="sm-b9b">
         <name>layerno</name>
         <value>0x800d754</value>
         <object_component_ref idref="oc-399"/>
      </symbol>
      <symbol id="sm-b9c">
         <name>init_mm</name>
         <value>0x39260</value>
         <object_component_ref idref="oc-27a"/>
      </symbol>
      <symbol id="sm-b9d">
         <name>gold_mat</name>
         <value>0x34fdc</value>
         <object_component_ref idref="oc-3a7"/>
      </symbol>
      <symbol id="sm-b9e">
         <name>initNN</name>
         <value>0x379e8</value>
         <object_component_ref idref="oc-27a"/>
      </symbol>
      <symbol id="sm-b9f">
         <name>init_crc</name>
         <value>0x38efc</value>
         <object_component_ref idref="oc-27a"/>
      </symbol>
      <symbol id="sm-ba0">
         <name>layer_wt</name>
         <value>0x8001800</value>
         <object_component_ref idref="oc-286"/>
      </symbol>
      <symbol id="sm-ba1">
         <name>run_nn</name>
         <value>0x38998</value>
         <object_component_ref idref="oc-27a"/>
      </symbol>
      <symbol id="sm-ba2">
         <name>local_errors</name>
         <value>0x800d75c</value>
         <object_component_ref idref="oc-399"/>
      </symbol>
      <symbol id="sm-ba3">
         <name>output_num</name>
         <value>0x800d750</value>
         <object_component_ref idref="oc-399"/>
      </symbol>
      <symbol id="sm-ba4">
         <name>matrix_multiply</name>
         <value>0x390e8</value>
         <object_component_ref idref="oc-27a"/>
      </symbol>
      <symbol id="sm-ba5">
         <name>CHECKSUMs</name>
         <value>0x34570</value>
         <object_component_ref idref="oc-38c"/>
      </symbol>
      <symbol id="sm-ba6">
         <name>status</name>
         <value>0x800d755</value>
         <object_component_ref idref="oc-399"/>
      </symbol>
      <symbol id="sm-ba7">
         <name>test_qsort</name>
         <value>0x38e40</value>
         <object_component_ref idref="oc-27a"/>
      </symbol>
      <symbol id="sm-ba8">
         <name>init_array</name>
         <value>0x38b04</value>
         <object_component_ref idref="oc-27a"/>
      </symbol>
      <symbol id="sm-ba9">
         <name>test_crc</name>
         <value>0x39034</value>
         <object_component_ref idref="oc-27a"/>
      </symbol>
      <symbol id="sm-baa">
         <name>ind</name>
         <value>0x800d758</value>
         <object_component_ref idref="oc-399"/>
      </symbol>
      <symbol id="sm-bab">
         <name>test_mm</name>
         <value>0x393d4</value>
         <object_component_ref idref="oc-27a"/>
      </symbol>
      <symbol id="sm-bac">
         <name>crc16</name>
         <value>0x38f80</value>
         <object_component_ref idref="oc-27a"/>
      </symbol>
      <symbol id="sm-bad">
         <name>seed_value</name>
         <value>0x800d764</value>
         <object_component_ref idref="oc-399"/>
      </symbol>
      <symbol id="sm-bae">
         <name>quick_sort</name>
         <value>0x38ca8</value>
         <object_component_ref idref="oc-27a"/>
      </symbol>
      <symbol id="sm-baf">
         <name>init_qsort</name>
         <value>0x38bdc</value>
         <object_component_ref idref="oc-27a"/>
      </symbol>
      <symbol id="sm-bb0">
         <name>LAYER_WT</name>
         <value>0x28710</value>
         <object_component_ref idref="oc-289"/>
      </symbol>
      <symbol id="sm-bb1">
         <name>in_block</name>
         <value>0x800d760</value>
         <object_component_ref idref="oc-399"/>
      </symbol>
      <symbol id="sm-bb2">
         <name>str1</name>
         <value>0x352e9</value>
         <object_component_ref idref="oc-3a1"/>
      </symbol>
      <symbol id="sm-c12">
         <name>poll</name>
         <value>0x40c30</value>
         <object_component_ref idref="oc-171"/>
      </symbol>
      <symbol id="sm-c13">
         <name>maxindex</name>
         <value>0x40b28</value>
         <object_component_ref idref="oc-171"/>
      </symbol>
      <symbol id="sm-c14">
         <name>print_info</name>
         <value>0x40da0</value>
         <object_component_ref idref="oc-171"/>
      </symbol>
      <symbol id="sm-c15">
         <name>exe11</name>
         <value>0x40e3c</value>
         <object_component_ref idref="oc-171"/>
      </symbol>
      <symbol id="sm-c16">
         <name>exe</name>
         <value>0x40e54</value>
         <object_component_ref idref="oc-171"/>
      </symbol>
      <symbol id="sm-c17">
         <name>refresh_weights</name>
         <value>0x40bd8</value>
         <object_component_ref idref="oc-171"/>
      </symbol>
      <symbol id="sm-c18">
         <name>myrestore</name>
         <value>0x2000</value>
         <object_component_ref idref="oc-b2"/>
      </symbol>
      <symbol id="sm-c19">
         <name>FAULT_DETECTED_DWC</name>
         <value>0x40bb0</value>
         <object_component_ref idref="oc-171"/>
      </symbol>
      <symbol id="sm-c1a">
         <name>FAULT_DETECTED_CFCSS</name>
         <value>0x40bc4</value>
         <object_component_ref idref="oc-171"/>
      </symbol>
      <symbol id="sm-c65">
         <name>printf</name>
         <value>0x43ecd</value>
         <object_component_ref idref="oc-ac"/>
      </symbol>
      <symbol id="sm-dc1">
         <name>__TI_printfi</name>
         <value>0x3bb81</value>
         <object_component_ref idref="oc-18b"/>
      </symbol>
      <symbol id="sm-e43">
         <name>pow</name>
         <value>0x3e185</value>
         <object_component_ref idref="oc-47f"/>
      </symbol>
      <symbol id="sm-e44">
         <name>powl</name>
         <value>0x3e185</value>
         <object_component_ref idref="oc-47f"/>
      </symbol>
      <symbol id="sm-e54">
         <name>sqrtl</name>
         <value>0x44261</value>
         <object_component_ref idref="oc-485"/>
      </symbol>
      <symbol id="sm-e55">
         <name>sqrt</name>
         <value>0x44261</value>
         <object_component_ref idref="oc-485"/>
      </symbol>
      <symbol id="sm-e71">
         <name>floorl</name>
         <value>0x43801</value>
         <object_component_ref idref="oc-25c"/>
      </symbol>
      <symbol id="sm-e72">
         <name>floor</name>
         <value>0x43801</value>
         <object_component_ref idref="oc-25c"/>
      </symbol>
      <symbol id="sm-e90">
         <name>frexpl</name>
         <value>0x43ded</value>
         <object_component_ref idref="oc-3f7"/>
      </symbol>
      <symbol id="sm-e91">
         <name>frexp</name>
         <value>0x43ded</value>
         <object_component_ref idref="oc-3f7"/>
      </symbol>
      <symbol id="sm-eae">
         <name>scalbn</name>
         <value>0x43625</value>
         <object_component_ref idref="oc-3fd"/>
      </symbol>
      <symbol id="sm-eaf">
         <name>scalbnl</name>
         <value>0x43625</value>
         <object_component_ref idref="oc-3fd"/>
      </symbol>
      <symbol id="sm-eb0">
         <name>ldexpl</name>
         <value>0x43625</value>
         <object_component_ref idref="oc-3fd"/>
      </symbol>
      <symbol id="sm-eb1">
         <name>ldexp</name>
         <value>0x43625</value>
         <object_component_ref idref="oc-3fd"/>
      </symbol>
      <symbol id="sm-ecd">
         <name>__aeabi_uldivmod</name>
         <value>0x42314</value>
         <object_component_ref idref="oc-3d0"/>
      </symbol>
      <symbol id="sm-edc">
         <name>__aeabi_memset</name>
         <value>0x43d75</value>
         <object_component_ref idref="oc-fa"/>
      </symbol>
      <symbol id="sm-edd">
         <name>memset</name>
         <value>0x43d7b</value>
         <object_component_ref idref="oc-fa"/>
      </symbol>
      <symbol id="sm-ede">
         <name>__aeabi_memset8</name>
         <value>0x43d75</value>
         <object_component_ref idref="oc-fa"/>
      </symbol>
      <symbol id="sm-edf">
         <name>__aeabi_memset4</name>
         <value>0x43d75</value>
         <object_component_ref idref="oc-fa"/>
      </symbol>
      <symbol id="sm-ee0">
         <name>__aeabi_memclr8</name>
         <value>0x43d73</value>
         <object_component_ref idref="oc-fa"/>
      </symbol>
      <symbol id="sm-ee1">
         <name>__aeabi_memclr4</name>
         <value>0x43d73</value>
         <object_component_ref idref="oc-fa"/>
      </symbol>
      <symbol id="sm-ee2">
         <name>__aeabi_memclr</name>
         <value>0x43d73</value>
         <object_component_ref idref="oc-fa"/>
      </symbol>
      <symbol id="sm-efd">
         <name>memcpy</name>
         <value>0x43bd3</value>
         <object_component_ref idref="oc-62"/>
      </symbol>
      <symbol id="sm-efe">
         <name>__aeabi_memcpy</name>
         <value>0x43bd3</value>
         <object_component_ref idref="oc-62"/>
      </symbol>
      <symbol id="sm-eff">
         <name>__aeabi_memcpy8</name>
         <value>0x43bd3</value>
         <object_component_ref idref="oc-62"/>
      </symbol>
      <symbol id="sm-f00">
         <name>__aeabi_memcpy4</name>
         <value>0x43bd3</value>
         <object_component_ref idref="oc-62"/>
      </symbol>
      <symbol id="sm-f0c">
         <name>__aeabi_idivmod</name>
         <value>0x43fdc</value>
         <object_component_ref idref="oc-459"/>
      </symbol>
      <symbol id="sm-f0d">
         <name>__aeabi_idiv</name>
         <value>0x43fdc</value>
         <object_component_ref idref="oc-459"/>
      </symbol>
      <symbol id="sm-f19">
         <name>__aeabi_uidivmod</name>
         <value>0x440d0</value>
         <object_component_ref idref="oc-268"/>
      </symbol>
      <symbol id="sm-f1a">
         <name>__aeabi_uidiv</name>
         <value>0x440d0</value>
         <object_component_ref idref="oc-268"/>
      </symbol>
      <symbol id="sm-f42">
         <name>__TI_auto_init_nobinit_nopinit</name>
         <value>0x4416d</value>
         <object_component_ref idref="oc-11e"/>
      </symbol>
      <symbol id="sm-f55">
         <name>__TI_zero_init</name>
         <value>0x44337</value>
         <object_component_ref idref="oc-74"/>
      </symbol>
      <symbol id="sm-f6c">
         <name>__TI_decompress_none</name>
         <value>0x44329</value>
         <object_component_ref idref="oc-18"/>
      </symbol>
      <symbol id="sm-f8f">
         <name>__TI_decompress_lzss</name>
         <value>0x43e61</value>
         <object_component_ref idref="oc-12"/>
      </symbol>
      <symbol id="sm-f9a">
         <name>C$$EXIT</name>
         <value>0x44355</value>
         <object_component_ref idref="oc-178"/>
      </symbol>
      <symbol id="sm-f9b">
         <name>abort</name>
         <value>0x44355</value>
         <object_component_ref idref="oc-178"/>
      </symbol>
      <symbol id="sm-fb0">
         <name>_nop</name>
         <value>0x3c5cb</value>
         <object_component_ref idref="oc-2fc"/>
      </symbol>
      <symbol id="sm-fb1">
         <name>_lock</name>
         <value>0x800d768</value>
         <object_component_ref idref="oc-191"/>
      </symbol>
      <symbol id="sm-fb2">
         <name>_unlock</name>
         <value>0x800d76c</value>
         <object_component_ref idref="oc-191"/>
      </symbol>
      <symbol id="sm-fc7">
         <name>atoi</name>
         <value>0x44081</value>
         <object_component_ref idref="oc-2ba"/>
      </symbol>
      <symbol id="sm-fd2">
         <name>_ctypes_</name>
         <value>0x35120</value>
         <object_component_ref idref="oc-3cb"/>
      </symbol>
      <symbol id="sm-fde">
         <name>_ftable</name>
         <value>0x800d660</value>
         <object_component_ref idref="oc-194"/>
      </symbol>
      <symbol id="sm-fed">
         <name>ltoa</name>
         <value>0x43f89</value>
         <object_component_ref idref="oc-3d6"/>
      </symbol>
      <symbol id="sm-ffd">
         <name>memccpy</name>
         <value>0x442cf</value>
         <object_component_ref idref="oc-2de"/>
      </symbol>
      <symbol id="sm-1022">
         <name>rand</name>
         <value>0x4422d</value>
         <object_component_ref idref="oc-390"/>
      </symbol>
      <symbol id="sm-1023">
         <name>srand</name>
         <value>0x4428d</value>
         <object_component_ref idref="oc-280"/>
      </symbol>
      <symbol id="sm-1033">
         <name>strchr</name>
         <value>0x442eb</value>
         <object_component_ref idref="oc-403"/>
      </symbol>
      <symbol id="sm-1041">
         <name>strlen</name>
         <value>0x44301</value>
         <object_component_ref idref="oc-1da"/>
      </symbol>
      <symbol id="sm-1057">
         <name>__aeabi_errno_addr</name>
         <value>0x44345</value>
         <object_component_ref idref="oc-2ea"/>
      </symbol>
      <symbol id="sm-1058">
         <name>errno</name>
         <value>0x800d770</value>
         <object_component_ref idref="oc-413"/>
      </symbol>
      <symbol id="sm-1071">
         <name>wcslen</name>
         <value>0x44317</value>
         <object_component_ref idref="oc-2e4"/>
      </symbol>
      <symbol id="sm-107b">
         <name>copysign</name>
         <value>0x442b1</value>
         <object_component_ref idref="oc-4b6"/>
      </symbol>
      <symbol id="sm-107c">
         <name>copysignl</name>
         <value>0x442b1</value>
         <object_component_ref idref="oc-4b6"/>
      </symbol>
      <symbol id="sm-1086">
         <name>__aeabi_idiv0</name>
         <value>0x43c6f</value>
         <object_component_ref idref="oc-375"/>
      </symbol>
      <symbol id="sm-1087">
         <name>__aeabi_ldiv0</name>
         <value>0x43c6f</value>
         <object_component_ref idref="oc-375"/>
      </symbol>
      <symbol id="sm-1098">
         <name>__TI_static_base__</name>
         <value>0x0</value>
      </symbol>
      <symbol id="sm-109e">
         <name>SHT$$INIT_ARRAY$$Base</name>
         <value>0x0</value>
      </symbol>
      <symbol id="sm-109f">
         <name>SHT$$INIT_ARRAY$$Limit</name>
         <value>0x0</value>
      </symbol>
      <symbol id="sm-10a0">
         <name>_system_post_cinit</name>
         <value>0x0</value>
      </symbol>
   </symbol_table>
   <title>Link successful</title>
</link_info>
